// Jest Snapshot v1, https://goo.gl/fbAQLP

exports[`Pruebas en <TodoApp /> debe mostrarse correctamente 1`] = `
<div>
  <h1>
    TodoApp (
    0
    )
  </h1>
  <hr />
  <div
    className="row"
  >
    <div
      className="col-7"
    >
      <TodoList
        deleteTodo={[Function]}
        todos={Array []}
        toggleTodo={[Function]}
      />
    </div>
    <div
      className="col-5"
    >
      <TodoAdd
        handleAddTodo={[Function]}
      />
    </div>
  </div>
</div>
`;
